components/tax-engine/PDFExportButton.tsx(231,42): error TS18046: 'value' is of type 'unknown'.
components/tax-engine/PDFExportButton.tsx(239,35): error TS2339: Property 'getNumberOfPages' does not exist on type 'jsPDF'.
components/tax-engine/TabNavigation.tsx(41,37): error TS2769: No overload matches this call.
  The last overload gave the following error.
    Object literal may only specify known properties, and 'size' does not exist in type 'Partial<LucideIcon> & Attributes'.
